// Jest Snapshot v1, https://goo.gl/fbAQLP

exports[`PostgresOfflineTxRepo OfflineTxRepo test suite method: createTx should record the transaction request 1`] = `
OfflineTxModel {
  "address": "someAddress",
  "id": "someTestSuiteId",
  "nonce": 1,
  "payload": {
    "metadata": {
      "memo": "test utils payload",
    },
    "method": "0x01",
    "payload": {
      "address": "address",
      "blockHash": "0x01",
      "blockNumber": "-1",
      "era": "0x01",
      "genesisHash": "0x01",
      "method": "testMethod",
      "nonce": "0x01",
      "signedExtensions": [],
      "specVersion": "0x01",
      "tip": "0x00",
      "transactionVersion": "0x01",
      "version": 1,
    },
    "rawPayload": {
      "address": "address",
      "data": "0x01",
      "type": "bytes",
    },
  },
  "signature": "0x01",
  "status": "Signed",
}
`;
