// Jest Snapshot v1, https://goo.gl/fbAQLP

exports[`LocalOfflineEventRepo OfflineEvent test suite method: recordEvent should record an event 1`] = `
{
  "body": {
    "id": "abc",
    "memo": "offline suite test",
  },
  "id": "1",
}
`;
