// Jest Snapshot v1, https://goo.gl/fbAQLP

exports[`LocalUserRepo does not meet User test suite requirements method: createUser should create a user 1`] = `
{
  "id": "1",
  "name": "Alice",
}
`;

exports[`LocalUserRepo does not meet User test suite requirements method: findByName should find the created user 1`] = `
{
  "id": "1",
  "name": "Alice",
}
`;
